<?xml version="1.0" encoding="UTF-8"?>
<TestRun id="3c184686-e8f5-4b26-b333-0a0f14eacbd8" name="sconnolly@DEVSCONNOLLY 2013-03-04 16:56:18" runUser="VISTAPRINTUS\sconnolly" xmlns="http://microsoft.com/schemas/VisualStudio/TeamTest/2010">
  <TestSettings name="Local" id="c11b4321-ff4f-4b50-9287-c46474555a37">
    <Description>These are default test settings for a local test run.</Description>
    <Deployment enabled="false" runDeploymentRoot="sconnolly_DEVSCONNOLLY 2013-03-04 16_56_18">
      <DeploymentItem filename="C:\github\yahoo-fantasy-football-tools\YahooFantasyFootballTools\YahooFantasySportsClient\bin\Debug\YahooFantasySportsClient.dll" />
    </Deployment>
    <Execution>
      <TestTypeSpecific />
      <AgentRule name="Execution Agents">
      </AgentRule>
    </Execution>
  </TestSettings>
  <Times creation="2013-03-04T16:56:18.7153874-05:00" queuing="2013-03-04T16:56:18.7583874-05:00" start="2013-03-04T16:56:18.7653874-05:00" finish="2013-03-04T16:56:19.5153874-05:00" />
  <ResultSummary outcome="Completed">
    <Counters total="1" executed="1" passed="1" error="0" failed="0" timeout="0" aborted="0" inconclusive="0" passedButRunAborted="0" notRunnable="0" notExecuted="0" disconnected="0" warning="0" completed="0" inProgress="0" pending="0" />
  </ResultSummary>
  <TestDefinitions>
    <UnitTest name="GetLeaguesForTheCurrentUser" storage="c:\github\yahoo-fantasy-football-tools\yahoofantasyfootballtools\yahoofantasysportsclient.tests\bin\debug\yahoofantasysportsclient.tests.dll" id="5c1f5320-b373-7ee6-f16d-c6eb78466e92">
      <Execution id="50de95e9-958b-4f0e-afab-75e2918bcec9" />
      <TestMethod codeBase="C:/github/yahoo-fantasy-football-tools/YahooFantasyFootballTools/YahooFantasySportsClient.Tests/bin/Debug/YahooFantasySportsClient.Tests.DLL" adapterTypeName="Microsoft.VisualStudio.TestTools.TestTypes.Unit.UnitTestAdapter, Microsoft.VisualStudio.QualityTools.Tips.UnitTest.Adapter, Version=10.0.0.0, Culture=neutral, PublicKeyToken=b03f5f7f11d50a3a" className="YahooFantasySportsClient.Tests.LeagueTests, YahooFantasySportsClient.Tests, Version=1.0.0.0, Culture=neutral, PublicKeyToken=null" name="GetLeaguesForTheCurrentUser" />
    </UnitTest>
  </TestDefinitions>
  <TestLists>
    <TestList name="Results Not in a List" id="8c84fa94-04c1-424b-9868-57a2d4851a1d" />
    <TestList name="All Loaded Results" id="19431567-8539-422a-85d7-44ee4e166bda" />
  </TestLists>
  <TestEntries>
    <TestEntry testId="5c1f5320-b373-7ee6-f16d-c6eb78466e92" executionId="50de95e9-958b-4f0e-afab-75e2918bcec9" testListId="8c84fa94-04c1-424b-9868-57a2d4851a1d" />
  </TestEntries>
  <Results>
    <UnitTestResult executionId="50de95e9-958b-4f0e-afab-75e2918bcec9" testId="5c1f5320-b373-7ee6-f16d-c6eb78466e92" testName="GetLeaguesForTheCurrentUser" computerName="DEVSCONNOLLY" duration="00:00:00.5596957" startTime="2013-03-04T16:56:18.7663874-05:00" endTime="2013-03-04T16:56:19.4933874-05:00" testType="13cdc9d9-ddb5-4fa4-a97d-d965ccfc6d4b" outcome="Passed" testListId="8c84fa94-04c1-424b-9868-57a2d4851a1d" relativeResultsDirectory="50de95e9-958b-4f0e-afab-75e2918bcec9">
    </UnitTestResult>
  </Results>
</TestRun>