<?xml version="1.0" encoding="UTF-8"?>
<TestRun id="0dd55b14-e36d-44af-a0e5-e4604d9506bf" name="sconnolly@DEVSCONNOLLY 2013-03-04 16:46:01" runUser="VISTAPRINTUS\sconnolly" xmlns="http://microsoft.com/schemas/VisualStudio/TeamTest/2010">
  <TestSettings name="Local" id="c11b4321-ff4f-4b50-9287-c46474555a37">
    <Description>These are default test settings for a local test run.</Description>
    <Deployment enabled="false" runDeploymentRoot="sconnolly_DEVSCONNOLLY 2013-03-04 16_46_01">
      <DeploymentItem filename="C:\github\yahoo-fantasy-football-tools\YahooFantasyFootballTools\YahooFantasySportsClient\bin\Debug\YahooFantasySportsClient.dll" />
    </Deployment>
    <Execution>
      <TestTypeSpecific />
      <AgentRule name="Execution Agents">
      </AgentRule>
    </Execution>
  </TestSettings>
  <Times creation="2013-03-04T16:46:01.4833874-05:00" queuing="2013-03-04T16:46:01.5283874-05:00" start="2013-03-04T16:46:01.5353874-05:00" finish="2013-03-04T16:46:02.0213874-05:00" />
  <ResultSummary outcome="Failed">
    <Counters total="1" executed="1" error="0" failed="1" timeout="0" aborted="0" inconclusive="0" passedButRunAborted="0" notRunnable="0" notExecuted="0" disconnected="0" warning="0" passed="0" completed="0" inProgress="0" pending="0" />
  </ResultSummary>
  <TestDefinitions>
    <UnitTest name="GetTeams" storage="c:\github\yahoo-fantasy-football-tools\yahoofantasyfootballtools\yahoofantasysportsclient.tests\bin\debug\yahoofantasysportsclient.tests.dll" id="1e74f9d9-461a-fbd2-6f98-47755a39c138">
      <Execution id="8d465717-c9b3-4ddd-8a0f-6b950ad921ce" />
      <TestMethod codeBase="C:/github/yahoo-fantasy-football-tools/YahooFantasyFootballTools/YahooFantasySportsClient.Tests/bin/Debug/YahooFantasySportsClient.Tests.DLL" adapterTypeName="Microsoft.VisualStudio.TestTools.TestTypes.Unit.UnitTestAdapter, Microsoft.VisualStudio.QualityTools.Tips.UnitTest.Adapter, Version=10.0.0.0, Culture=neutral, PublicKeyToken=b03f5f7f11d50a3a" className="YahooFantasySportsClient.Tests.LeagueTests, YahooFantasySportsClient.Tests, Version=1.0.0.0, Culture=neutral, PublicKeyToken=null" name="GetTeams" />
    </UnitTest>
  </TestDefinitions>
  <TestLists>
    <TestList name="Results Not in a List" id="8c84fa94-04c1-424b-9868-57a2d4851a1d" />
    <TestList name="All Loaded Results" id="19431567-8539-422a-85d7-44ee4e166bda" />
  </TestLists>
  <TestEntries>
    <TestEntry testId="1e74f9d9-461a-fbd2-6f98-47755a39c138" executionId="8d465717-c9b3-4ddd-8a0f-6b950ad921ce" testListId="8c84fa94-04c1-424b-9868-57a2d4851a1d" />
  </TestEntries>
  <Results>
    <UnitTestResult executionId="8d465717-c9b3-4ddd-8a0f-6b950ad921ce" testId="1e74f9d9-461a-fbd2-6f98-47755a39c138" testName="GetTeams" computerName="DEVSCONNOLLY" duration="00:00:00.3160579" startTime="2013-03-04T16:46:01.5363874-05:00" endTime="2013-03-04T16:46:02.0103874-05:00" testType="13cdc9d9-ddb5-4fa4-a97d-d965ccfc6d4b" outcome="Failed" testListId="8c84fa94-04c1-424b-9868-57a2d4851a1d" relativeResultsDirectory="8d465717-c9b3-4ddd-8a0f-6b950ad921ce">
      <Output>
        <ErrorInfo>
          <Message>Test method YahooFantasySportsClient.Tests.LeagueTests.GetTeams threw exception: 
System.NotImplementedException: The method or operation is not implemented.</Message>
          <StackTrace>    at YahooFantasySportsClient.Domain.League.GetTeams() in C:\github\yahoo-fantasy-football-tools\YahooFantasyFootballTools\YahooFantasySportsClient\Domain\League.cs:line 16
   at YahooFantasySportsClient.Tests.LeagueTests.GetTeams() in C:\github\yahoo-fantasy-football-tools\YahooFantasyFootballTools\YahooFantasySportsClient.Tests\LeagueTests.cs:line 29
</StackTrace>
        </ErrorInfo>
      </Output>
    </UnitTestResult>
  </Results>
</TestRun>