<?xml version="1.0" encoding="UTF-8"?>
<TestRun id="06f2711d-fda6-4938-9eb7-dd6c7e6843cc" name="sconnolly@DEVSCONNOLLY 2013-03-04 16:53:14" runUser="VISTAPRINTUS\sconnolly" xmlns="http://microsoft.com/schemas/VisualStudio/TeamTest/2010">
  <TestSettings name="Local" id="c11b4321-ff4f-4b50-9287-c46474555a37">
    <Description>These are default test settings for a local test run.</Description>
    <Deployment enabled="false" runDeploymentRoot="sconnolly_DEVSCONNOLLY 2013-03-04 16_53_14">
      <DeploymentItem filename="C:\github\yahoo-fantasy-football-tools\YahooFantasyFootballTools\YahooFantasySportsClient\bin\Debug\YahooFantasySportsClient.dll" />
    </Deployment>
    <Execution>
      <TestTypeSpecific />
      <AgentRule name="Execution Agents">
      </AgentRule>
    </Execution>
  </TestSettings>
  <Times creation="2013-03-04T16:53:14.3643874-05:00" queuing="2013-03-04T16:53:14.4023874-05:00" start="2013-03-04T16:53:14.4093874-05:00" finish="2013-03-04T16:53:14.8513874-05:00" />
  <ResultSummary outcome="Failed">
    <Counters total="1" executed="1" error="0" failed="1" timeout="0" aborted="0" inconclusive="0" passedButRunAborted="0" notRunnable="0" notExecuted="0" disconnected="0" warning="0" passed="0" completed="0" inProgress="0" pending="0" />
  </ResultSummary>
  <TestDefinitions>
    <UnitTest name="GetLeaguesForTheCurrentUser" storage="c:\github\yahoo-fantasy-football-tools\yahoofantasyfootballtools\yahoofantasysportsclient.tests\bin\debug\yahoofantasysportsclient.tests.dll" id="5c1f5320-b373-7ee6-f16d-c6eb78466e92">
      <Execution id="6ec3481d-374e-40b8-90ef-d4fad5ebe014" />
      <TestMethod codeBase="C:/github/yahoo-fantasy-football-tools/YahooFantasyFootballTools/YahooFantasySportsClient.Tests/bin/Debug/YahooFantasySportsClient.Tests.DLL" adapterTypeName="Microsoft.VisualStudio.TestTools.TestTypes.Unit.UnitTestAdapter, Microsoft.VisualStudio.QualityTools.Tips.UnitTest.Adapter, Version=10.0.0.0, Culture=neutral, PublicKeyToken=b03f5f7f11d50a3a" className="YahooFantasySportsClient.Tests.LeagueTests, YahooFantasySportsClient.Tests, Version=1.0.0.0, Culture=neutral, PublicKeyToken=null" name="GetLeaguesForTheCurrentUser" />
    </UnitTest>
  </TestDefinitions>
  <TestLists>
    <TestList name="Results Not in a List" id="8c84fa94-04c1-424b-9868-57a2d4851a1d" />
    <TestList name="All Loaded Results" id="19431567-8539-422a-85d7-44ee4e166bda" />
  </TestLists>
  <TestEntries>
    <TestEntry testId="5c1f5320-b373-7ee6-f16d-c6eb78466e92" executionId="6ec3481d-374e-40b8-90ef-d4fad5ebe014" testListId="8c84fa94-04c1-424b-9868-57a2d4851a1d" />
  </TestEntries>
  <Results>
    <UnitTestResult executionId="6ec3481d-374e-40b8-90ef-d4fad5ebe014" testId="5c1f5320-b373-7ee6-f16d-c6eb78466e92" testName="GetLeaguesForTheCurrentUser" computerName="DEVSCONNOLLY" duration="00:00:00.2545765" startTime="2013-03-04T16:53:14.4113874-05:00" endTime="2013-03-04T16:53:14.8393874-05:00" testType="13cdc9d9-ddb5-4fa4-a97d-d965ccfc6d4b" outcome="Failed" testListId="8c84fa94-04c1-424b-9868-57a2d4851a1d" relativeResultsDirectory="6ec3481d-374e-40b8-90ef-d4fad5ebe014">
      <Output>
        <ErrorInfo>
          <Message>Test method YahooFantasySportsClient.Tests.LeagueTests.GetLeaguesForTheCurrentUser threw exception: 
System.Net.WebException: The remote server returned an error: (401) Unauthorized.</Message>
          <StackTrace>    at System.Net.HttpWebRequest.GetResponse()
   at YahooFantasySportsClient.Domain.AuthorizedUser.GetLeagues() in C:\github\yahoo-fantasy-football-tools\YahooFantasyFootballTools\YahooFantasySportsClient\Domain\AuthorizedUser.cs:line 23
   at YahooFantasySportsClient.Tests.LeagueTests.GetLeaguesForTheCurrentUser() in C:\github\yahoo-fantasy-football-tools\YahooFantasyFootballTools\YahooFantasySportsClient.Tests\LeagueTests.cs:line 18
</StackTrace>
        </ErrorInfo>
      </Output>
    </UnitTestResult>
  </Results>
</TestRun>